DEBUG:root:Add 15
DEBUG:root:Sub 5
DEBUG:root:Mul 50
DEBUG:root:Div 2.0
DEBUG:root:Add 30
DEBUG:root:Sub 10
DEBUG:root:Mul 200
DEBUG:root:Div 2.0
DEBUG:root:Add 30
DEBUG:root:Sub 10
DEBUG:root:Mul 200
DEBUG:root:Div 2.0
DEBUG:root:Add 30
DEBUG:root:Sub 10
DEBUG:root:Mul 200
DEBUG:root:Div 2.0
DEBUG:root:Add 30
DEBUG:root:Sub 10
DEBUG:root:Mul 200
DEBUG:root:Div 2.0
DEBUG:root:Add 30
DEBUG:root:Sub 10
DEBUG:root:Mul 200
DEBUG:root:Div 2.0
DEBUG:root:Add 30
DEBUG:root:Sub 10
DEBUG:root:Mul 200
DEBUG:root:Div 2.0
DEBUG:root:Add 30
DEBUG:root:Sub 10
DEBUG:root:Mul 200
DEBUG:root:Div 2.0
DEBUG:root:Add 30
DEBUG:root:Sub 10
DEBUG:root:Mul 200
DEBUG:root:Div 2.0
DEBUG:root:Add 30
DEBUG:root:Sub 10
DEBUG:root:Mul 200
DEBUG:root:Div 2.0
DEBUG:root:Add 30
DEBUG:root:Sub 10
DEBUG:root:Mul 200
DEBUG:root:Div 2.0
DEBUG:root:Add 30
DEBUG:root:Sub 10
DEBUG:root:Mul 200
DEBUG:root:Add 30
DEBUG:root:Sub 10
DEBUG:root:Mul 200
DEBUG:root:Add 30
DEBUG:root:Sub 10
DEBUG:root:Mul 200
DEBUG:root:Add 30
DEBUG:root:Sub 10
DEBUG:root:Mul 200
DEBUG:root:Add 30
DEBUG:root:Sub 10
DEBUG:root:Mul 200
DEBUG:root:Add 30
DEBUG:root:Sub 10
DEBUG:root:Mul 200
DEBUG:root:Add 30
DEBUG:root:Sub 10
DEBUG:root:Mul 200
DEBUG:root:Add 30
DEBUG:root:Sub 10
DEBUG:root:Mul 200
DEBUG:root:Add 30
DEBUG:root:Sub 10
DEBUG:root:Mul 200
DEBUG:root:Add 30
DEBUG:root:Sub 10
DEBUG:root:Mul 200
DEBUG:root:Add 30
DEBUG:root:Sub 10
DEBUG:root:Mul 200
DEBUG:root:Add 30
DEBUG:root:Sub 10
DEBUG:root:Mul 200
DEBUG:root:Add 30
DEBUG:root:Sub 10
DEBUG:root:Mul 200
DEBUG:root:Add 30
DEBUG:root:Sub 10
DEBUG:root:Mul 200
DEBUG:root:Add 30
DEBUG:root:Sub 10
DEBUG:root:Mul 200
DEBUG:root:Add 30
DEBUG:root:Sub 10
DEBUG:root:Mul 200
DEBUG:root:Add 30
DEBUG:root:Sub 10
DEBUG:root:Mul 200
DEBUG:root:Add 30
DEBUG:root:Sub 10
DEBUG:root:Mul 200
DEBUG:root:Add 30
DEBUG:root:Sub 10
DEBUG:root:Mul 200
DEBUG:root:Add 30
DEBUG:root:Sub 10
DEBUG:root:Mul 200
DEBUG:root:Add 30
DEBUG:root:Sub 10
DEBUG:root:Mul 200
DEBUG:root:Add 30
DEBUG:root:Sub 10
DEBUG:root:Mul 200
DEBUG:root:Add 30
DEBUG:root:Sub 10
DEBUG:root:Mul 200
DEBUG:root:Add 30
DEBUG:root:Sub 10
DEBUG:root:Mul 200
DEBUG:root:Add 30
DEBUG:root:Sub 10
DEBUG:root:Mul 200
DEBUG:root:Add 30
DEBUG:root:Sub 10
DEBUG:root:Mul 200
DEBUG:root:Add 30
DEBUG:root:Sub 10
DEBUG:root:Mul 200
DEBUG:root:Add 30
DEBUG:root:Sub 10
DEBUG:root:Mul 200
DEBUG:root:Add 30
DEBUG:root:Sub 10
DEBUG:root:Mul 200
DEBUG:root:Add 30
DEBUG:root:Sub 10
DEBUG:root:Mul 200
DEBUG:root:Add 30
DEBUG:root:Sub 10
DEBUG:root:Mul 200
DEBUG:root:Add 30
DEBUG:root:Sub 10
DEBUG:root:Mul 200
DEBUG:root:Add 30
DEBUG:root:Sub 10
DEBUG:root:Mul 200
DEBUG:root:Add 30
DEBUG:root:Sub 10
DEBUG:root:Mul 200
DEBUG:root:Add 30
DEBUG:root:Sub 10
DEBUG:root:Mul 200
DEBUG:root:Add 30
DEBUG:root:Sub 10
DEBUG:root:Mul 200
DEBUG:root:Add 30
DEBUG:root:Sub 10
DEBUG:root:Mul 200
DEBUG:root:Add 30
DEBUG:root:Sub 10
DEBUG:root:Mul 200
DEBUG:root:Add 30
DEBUG:root:Sub 10
DEBUG:root:Mul 200
DEBUG:root:Add 30
DEBUG:root:Sub 10
DEBUG:root:Mul 200
DEBUG:root:Add 30
DEBUG:root:Sub 10
DEBUG:root:Mul 200
DEBUG:root:Add 30
DEBUG:root:Sub 10
DEBUG:root:Mul 200
DEBUG:root:Add 30
DEBUG:root:Sub 10
DEBUG:root:Mul 200
DEBUG:root:Add 30
DEBUG:root:Sub 10
DEBUG:root:Mul 200
DEBUG:root:Add 30
DEBUG:root:Sub 10
DEBUG:root:Mul 200
DEBUG:root:Add 30
DEBUG:root:Sub 10
DEBUG:root:Mul 200
DEBUG:root:Add 30
DEBUG:root:Sub 10
DEBUG:root:Mul 200
DEBUG:root:Add 30
DEBUG:root:Sub 10
DEBUG:root:Mul 200
DEBUG:root:Add 30
DEBUG:root:Sub 10
DEBUG:root:Mul 200
DEBUG:root:Add 30
DEBUG:root:Sub 10
DEBUG:root:Mul 200
DEBUG:root:Add 30
DEBUG:root:Sub 10
DEBUG:root:Mul 200
DEBUG:root:Add 30
DEBUG:root:Sub 10
DEBUG:root:Mul 200
DEBUG:root:Add 30
DEBUG:root:Sub 10
DEBUG:root:Mul 200
DEBUG:root:Add 30
DEBUG:root:Sub 10
DEBUG:root:Mul 200
DEBUG:root:Add 30
DEBUG:root:Sub 10
DEBUG:root:Mul 200
DEBUG:root:Add 30
DEBUG:root:Sub 10
DEBUG:root:Mul 200
DEBUG:root:Add 30
DEBUG:root:Sub 10
DEBUG:root:Mul 200
DEBUG:root:Add 30
DEBUG:root:Sub 10
DEBUG:root:Mul 200
DEBUG:root:Add 30
DEBUG:root:Sub 10
DEBUG:root:Mul 200
DEBUG:root:Add 30
DEBUG:root:Sub 10
DEBUG:root:Mul 200
DEBUG:root:Add 30
DEBUG:root:Sub 10
DEBUG:root:Mul 200
DEBUG:root:Add 30
DEBUG:root:Sub 10
DEBUG:root:Mul 200
DEBUG:root:Add 30
DEBUG:root:Sub 10
DEBUG:root:Mul 200
DEBUG:root:Add 30
DEBUG:root:Sub 10
DEBUG:root:Mul 200
DEBUG:root:Add 30
DEBUG:root:Sub 10
DEBUG:root:Mul 200
DEBUG:root:Add 30
DEBUG:root:Sub 10
DEBUG:root:Mul 200
DEBUG:root:Add 30
DEBUG:root:Sub 10
DEBUG:root:Mul 200
DEBUG:root:Add 30
DEBUG:root:Sub 10
DEBUG:root:Mul 200
DEBUG:root:Add 30
DEBUG:root:Sub 10
DEBUG:root:Mul 200
DEBUG:root:Add 30
DEBUG:root:Sub 10
DEBUG:root:Mul 200
DEBUG:root:Add 30
DEBUG:root:Sub 10
DEBUG:root:Mul 200
DEBUG:root:Add 30
DEBUG:root:Sub 10
DEBUG:root:Mul 200
DEBUG:root:Add 30
DEBUG:root:Sub 10
DEBUG:root:Mul 200
DEBUG:root:Add 30
DEBUG:root:Sub 10
DEBUG:root:Mul 200
DEBUG:root:Add 30
DEBUG:root:Sub 10
DEBUG:root:Mul 200
DEBUG:root:Add 30
DEBUG:root:Sub 10
DEBUG:root:Mul 200
DEBUG:root:Add 30
DEBUG:root:Sub 10
DEBUG:root:Mul 200
DEBUG:root:Add 30
DEBUG:root:Sub 10
DEBUG:root:Mul 200
DEBUG:root:Add 30
DEBUG:root:Sub 10
DEBUG:root:Mul 200
DEBUG:root:Add 30
DEBUG:root:Sub 10
DEBUG:root:Mul 200
DEBUG:root:Add 30
DEBUG:root:Sub 10
DEBUG:root:Mul 200
DEBUG:root:Add 30
DEBUG:root:Sub 10
DEBUG:root:Mul 200
DEBUG:root:Add 30
DEBUG:root:Sub 10
DEBUG:root:Mul 200
DEBUG:root:Add 30
DEBUG:root:Sub 10
DEBUG:root:Mul 200
DEBUG:root:Add 30
DEBUG:root:Sub 10
DEBUG:root:Mul 200
DEBUG:root:Add 30
DEBUG:root:Sub 10
DEBUG:root:Mul 200
DEBUG:root:Add 30
DEBUG:root:Sub 10
DEBUG:root:Mul 200
DEBUG:root:Add 30
DEBUG:root:Sub 10
DEBUG:root:Mul 200
DEBUG:root:Add 30
DEBUG:root:Sub 10
DEBUG:root:Mul 200
DEBUG:root:Add 30
DEBUG:root:Sub 10
DEBUG:root:Mul 200
DEBUG:root:Add 30
DEBUG:root:Sub 10
DEBUG:root:Mul 200
DEBUG:root:Add 30
DEBUG:root:Sub 10
DEBUG:root:Mul 200
DEBUG:root:Add 30
DEBUG:root:Sub 10
DEBUG:root:Mul 200
DEBUG:root:Add 30
DEBUG:root:Sub 10
DEBUG:root:Mul 200
DEBUG:root:Add 30
DEBUG:root:Sub 10
DEBUG:root:Mul 200
DEBUG:root:Add 30
DEBUG:root:Sub 10
DEBUG:root:Mul 200
DEBUG:root:Add 30
DEBUG:root:Sub 10
DEBUG:root:Mul 200
DEBUG:root:Add 30
DEBUG:root:Sub 10
DEBUG:root:Mul 200
DEBUG:root:Add 30
DEBUG:root:Sub 10
DEBUG:root:Mul 200
DEBUG:root:Add 30
DEBUG:root:Sub 10
DEBUG:root:Mul 200
DEBUG:root:Add 30
DEBUG:root:Sub 10
DEBUG:root:Mul 200
DEBUG:root:Add 30
DEBUG:root:Sub 10
DEBUG:root:Mul 200
DEBUG:root:Add 30
DEBUG:root:Sub 10
DEBUG:root:Mul 200
DEBUG:root:Add 30
DEBUG:root:Sub 10
DEBUG:root:Mul 200
DEBUG:root:Add 30
DEBUG:root:Sub 10
DEBUG:root:Mul 200
DEBUG:root:Add 30
DEBUG:root:Sub 10
DEBUG:root:Mul 200
DEBUG:root:Add 30
DEBUG:root:Sub 10
DEBUG:root:Mul 200
DEBUG:root:Add 30
DEBUG:root:Sub 10
DEBUG:root:Mul 200
DEBUG:root:Add 30
DEBUG:root:Sub 10
DEBUG:root:Mul 200
DEBUG:root:Add 30
DEBUG:root:Sub 10
DEBUG:root:Mul 200
DEBUG:root:Add 30
DEBUG:root:Sub 10
DEBUG:root:Mul 200
DEBUG:root:Add 30
DEBUG:root:Sub 10
DEBUG:root:Mul 200
DEBUG:root:Add 30
DEBUG:root:Sub 10
DEBUG:root:Mul 200
DEBUG:root:Add 30
DEBUG:root:Sub 10
DEBUG:root:Mul 200
DEBUG:root:Add 30
DEBUG:root:Sub 10
DEBUG:root:Mul 200
DEBUG:root:Add 30
DEBUG:root:Sub 10
DEBUG:root:Mul 200
DEBUG:root:Add 30
DEBUG:root:Sub 10
DEBUG:root:Mul 200
DEBUG:root:Add 30
DEBUG:root:Sub 10
DEBUG:root:Mul 200
DEBUG:root:Add 30
DEBUG:root:Sub 10
DEBUG:root:Mul 200
DEBUG:root:Add 30
DEBUG:root:Sub 10
DEBUG:root:Mul 200
DEBUG:root:Add 30
DEBUG:root:Sub 10
DEBUG:root:Mul 200
DEBUG:root:Add 30
DEBUG:root:Sub 10
DEBUG:root:Mul 200
DEBUG:root:Add 30
DEBUG:root:Sub 10
DEBUG:root:Mul 200
DEBUG:root:Add 30
DEBUG:root:Sub 10
DEBUG:root:Mul 200
DEBUG:root:Add 30
DEBUG:root:Sub 10
DEBUG:root:Mul 200
DEBUG:root:Add 30
DEBUG:root:Sub 10
DEBUG:root:Mul 200
DEBUG:root:Add 30
DEBUG:root:Sub 10
DEBUG:root:Mul 200
DEBUG:root:Add 30
DEBUG:root:Sub 10
DEBUG:root:Mul 200
DEBUG:root:Add 30
DEBUG:root:Sub 10
DEBUG:root:Mul 200
DEBUG:root:Add 30
DEBUG:root:Sub 10
DEBUG:root:Mul 200
DEBUG:root:Add 30
DEBUG:root:Sub 10
DEBUG:root:Mul 200
DEBUG:root:Add 30
DEBUG:root:Sub 10
DEBUG:root:Mul 200
DEBUG:root:Add 30
DEBUG:root:Sub 10
DEBUG:root:Mul 200
DEBUG:root:Add 30
DEBUG:root:Sub 10
DEBUG:root:Mul 200
DEBUG:root:Add 30
DEBUG:root:Sub 10
DEBUG:root:Mul 200
DEBUG:root:Add 30
DEBUG:root:Sub 10
DEBUG:root:Mul 200
DEBUG:root:Add 30
DEBUG:root:Sub 10
DEBUG:root:Mul 200
DEBUG:root:Add 30
DEBUG:root:Sub 10
DEBUG:root:Mul 200
DEBUG:root:Add 30
DEBUG:root:Sub 10
DEBUG:root:Mul 200
DEBUG:root:Add 30
DEBUG:root:Sub 10
DEBUG:root:Mul 200
DEBUG:root:Add 30
DEBUG:root:Sub 10
DEBUG:root:Mul 200
DEBUG:root:Add 30
DEBUG:root:Sub 10
DEBUG:root:Mul 200
DEBUG:root:Add 30
DEBUG:root:Sub 10
DEBUG:root:Mul 200
DEBUG:root:Add 30
DEBUG:root:Sub 10
DEBUG:root:Mul 200
DEBUG:root:Add 30
DEBUG:root:Sub 10
DEBUG:root:Mul 200
DEBUG:root:Add 30
DEBUG:root:Sub 10
DEBUG:root:Mul 200
DEBUG:root:Add 30
DEBUG:root:Sub 10
DEBUG:root:Mul 200
DEBUG:root:Add 30
DEBUG:root:Sub 10
DEBUG:root:Mul 200
DEBUG:root:Add 30
DEBUG:root:Sub 10
DEBUG:root:Mul 200
DEBUG:root:Add 30
DEBUG:root:Sub 10
DEBUG:root:Mul 200
DEBUG:root:Add 30
DEBUG:root:Sub 10
DEBUG:root:Mul 200
DEBUG:root:Add 30
DEBUG:root:Sub 10
DEBUG:root:Mul 200
DEBUG:root:Add 30
DEBUG:root:Sub 10
DEBUG:root:Mul 200
DEBUG:root:Add 30
DEBUG:root:Sub 10
DEBUG:root:Mul 200
DEBUG:root:Add 30
DEBUG:root:Sub 10
DEBUG:root:Mul 200
DEBUG:root:Add 30
DEBUG:root:Sub 10
DEBUG:root:Mul 200
DEBUG:root:Add 30
DEBUG:root:Sub 10
DEBUG:root:Mul 200
DEBUG:root:Add 30
DEBUG:root:Sub 10
DEBUG:root:Mul 200
DEBUG:root:Add 30
DEBUG:root:Sub 10
DEBUG:root:Mul 200
DEBUG:root:Add 30
DEBUG:root:Sub 10
DEBUG:root:Mul 200
DEBUG:root:Add 30
DEBUG:root:Sub 10
DEBUG:root:Mul 200
DEBUG:root:Add 30
DEBUG:root:Sub 10
DEBUG:root:Mul 200
DEBUG:root:Add 30
DEBUG:root:Sub 10
DEBUG:root:Mul 200
DEBUG:root:Add 30
DEBUG:root:Sub 10
DEBUG:root:Mul 200
DEBUG:root:Add 30
DEBUG:root:Sub 10
DEBUG:root:Mul 200
DEBUG:root:Add 30
DEBUG:root:Sub 10
DEBUG:root:Mul 200
DEBUG:root:Add 30
DEBUG:root:Sub 10
DEBUG:root:Mul 200
DEBUG:root:Add 30
DEBUG:root:Sub 10
DEBUG:root:Mul 200
DEBUG:root:Add 30
DEBUG:root:Sub 10
DEBUG:root:Mul 200
DEBUG:root:Add 30
DEBUG:root:Sub 10
DEBUG:root:Mul 200
DEBUG:root:Add 30
DEBUG:root:Sub 10
DEBUG:root:Mul 200
DEBUG:root:Add 30
DEBUG:root:Sub 10
DEBUG:root:Mul 200
DEBUG:root:Add 30
DEBUG:root:Sub 10
DEBUG:root:Mul 200
DEBUG:root:Add 30
DEBUG:root:Sub 10
DEBUG:root:Mul 200
DEBUG:root:Add 30
DEBUG:root:Sub 10
DEBUG:root:Mul 200
DEBUG:root:Add 30
DEBUG:root:Sub 10
DEBUG:root:Mul 200
DEBUG:root:Add 30
DEBUG:root:Sub 10
DEBUG:root:Mul 200
DEBUG:root:Add 30
DEBUG:root:Sub 10
DEBUG:root:Mul 200
DEBUG:root:Add 30
DEBUG:root:Sub 10
DEBUG:root:Mul 200
DEBUG:root:Add 30
DEBUG:root:Sub 10
DEBUG:root:Mul 200
DEBUG:root:Add 30
DEBUG:root:Sub 10
DEBUG:root:Mul 200
DEBUG:root:Add 30
DEBUG:root:Sub 10
DEBUG:root:Mul 200
DEBUG:root:Add 30
DEBUG:root:Sub 10
DEBUG:root:Mul 200
DEBUG:root:Add 30
DEBUG:root:Sub 10
DEBUG:root:Mul 200
DEBUG:root:Add 30
DEBUG:root:Sub 10
DEBUG:root:Mul 200
DEBUG:root:Add 30
DEBUG:root:Sub 10
DEBUG:root:Mul 200
DEBUG:root:Add 30
DEBUG:root:Sub 10
DEBUG:root:Mul 200
DEBUG:root:Add 30
DEBUG:root:Sub 10
DEBUG:root:Mul 200
DEBUG:root:Add 30
DEBUG:root:Sub 10
DEBUG:root:Mul 200
DEBUG:root:Add 30
DEBUG:root:Sub 10
DEBUG:root:Mul 200
DEBUG:root:Add 30
DEBUG:root:Sub 10
DEBUG:root:Mul 200
DEBUG:root:Add 30
DEBUG:root:Sub 10
DEBUG:root:Mul 200
DEBUG:root:Add 30
DEBUG:root:Sub 10
DEBUG:root:Mul 200
DEBUG:root:Add 30
DEBUG:root:Sub 10
DEBUG:root:Mul 200
